// Jest Snapshot v1, https://goo.gl/fbAQLP

exports[`<GameInfo /> should render game information's 1`] = `
.c7 {
  display: inline-block;
  vertical-align: middle;
  overflow: hidden;
}

.c6 {
  background: linear-gradient(180deg,#ff5f5f 0%,#f062c0 50%);
  color: #FAFAFA;
  border: 0;
  border-radius: 0.4rem;
  padding: 0.8rem;
  cursor: pointer;
  -webkit-text-decoration: none;
  text-decoration: none;
  display: -webkit-inline-box;
  display: -webkit-inline-flex;
  display: -ms-inline-flexbox;
  display: inline-flex;
  -webkit-align-items: center;
  -webkit-box-align: center;
  -ms-flex-align: center;
  align-items: center;
  -webkit-box-pack: center;
  -webkit-justify-content: center;
  -ms-flex-pack: center;
  justify-content: center;
  -webkit-transition: background color 0.3s ease-in-out;
  transition: background color 0.3s ease-in-out;
  height: 4rem;
  font-size: 1.4rem;
  padding: 0.8rem 3.2rem;
}

.c6:hover {
  background: linear-gradient(180deg,#e35565 0%,#d958a6 50%);
}

.c6 svg {
  width: 1.5rem;
}

.c6 svg + span {
  margin-left: 0.8rem;
}

.c8 {
  background: linear-gradient(180deg,#ff5f5f 0%,#f062c0 50%);
  color: #FAFAFA;
  border: 0;
  border-radius: 0.4rem;
  padding: 0.8rem;
  cursor: pointer;
  -webkit-text-decoration: none;
  text-decoration: none;
  display: -webkit-inline-box;
  display: -webkit-inline-flex;
  display: -ms-inline-flexbox;
  display: inline-flex;
  -webkit-align-items: center;
  -webkit-box-align: center;
  -ms-flex-align: center;
  align-items: center;
  -webkit-box-pack: center;
  -webkit-justify-content: center;
  -ms-flex-pack: center;
  justify-content: center;
  -webkit-transition: background color 0.3s ease-in-out;
  transition: background color 0.3s ease-in-out;
  height: 4rem;
  font-size: 1.4rem;
  padding: 0.8rem 3.2rem;
  background: none;
  color: #F231A5;
}

.c8:hover {
  background: none;
}

.c8 svg {
  width: 1.5rem;
}

.c8 svg + span {
  margin-left: 0.8rem;
}

.c8:hover {
  color: #e20e8d;
}

.c1 {
  color: #030517;
  position: relative;
  margin-bottom: 3.2rem;
  font-size: 2.0rem;
}

.c1::after {
  content: '';
  position: absolute;
  left: 0;
  bottom: -0.8rem;
  width: 5rem;
  border-bottom: 0.5rem solid #F231A5;
}

.c3 {
  position: absolute;
  top: 1.6rem;
  display: -webkit-box;
  display: -webkit-flex;
  display: -ms-flexbox;
  display: flex;
  -webkit-align-items: center;
  -webkit-box-align: center;
  -ms-flex-align: center;
  align-items: center;
  font-weight: 600;
  color: #FAFAFA;
  background-color: #3CD3C1;
  height: 3.6rem;
  font-size: 1.4rem;
  padding: 0 2.4rem;
  top: 3.6rem;
  right: -2rem;
}

.c3::before {
  content: '';
  position: absolute;
  right: 0;
  border-style: solid;
  border-left-width: 0rem;
  border-right-color: transparent;
  border-bottom-color: transparent;
  border-bottom-width: 1rem;
}

.c3::before {
  border-left-color: #1f8a7d;
  border-top-color: #1f8a7d;
}

.c3::before {
  top: 3.6rem;
  border-top-width: 1rem;
  border-right-width: 2rem;
}

.c0 {
  position: relative;
  background-color: #FAFAFA;
  padding: 2.4rem;
}

.c0 .c2 {
  right: -1rem;
}

.c0 .c2:before {
  border-right-width: 1rem;
}

.c4 {
  font-size: 1.4rem;
  color: #8F8F8F;
  margin-bottom: 2.4rem;
}

.c5 {
  display: -webkit-box;
  display: -webkit-flex;
  display: -ms-flexbox;
  display: flex;
  -webkit-flex-direction: column;
  -ms-flex-direction: column;
  flex-direction: column;
  -webkit-align-items: center;
  -webkit-box-align: center;
  -ms-flex-align: center;
  align-items: center;
}

.c5 > button {
  width: 100%;
  margin-bottom: 0.8rem;
}

@media (min-width:768px) {
  .c1 {
    font-size: 2.8rem;
  }
}

@media (min-width:768px) {
  .c0 .c2 {
    right: 2.4rem;
    top: 2.4rem;
    font-size: 1.8rem;
  }

  .c0 .c2:before {
    border: none;
  }
}

@media (min-width:768px) {
  .c4 {
    max-width: 77rem;
  }
}

@media (min-width:768px) {
  .c5 {
    -webkit-flex-direction: row-reverse;
    -ms-flex-direction: row-reverse;
    flex-direction: row-reverse;
  }

  .c5 > button {
    width: initial;
    margin-bottom: 0;
  }
}

<div
  class="c0"
>
  <h2
    class="c1"
    color="black"
  >
    Borderlands 3
  </h2>
  <div
    class="c2 c3"
    color="secondary"
  >
    $215,00
  </div>
  <p
    class="c4"
  >
    Experience the epic space strategy games that redefined the RTS genre. Control your fleet and build an armada across more than 30 single-player missions.
  </p>
  <div
    class="c5"
  >
    <button
      class="c6"
    >
      <svg
        aria-hidden="true"
        class="c7"
        fill="currentColor"
        focusable="false"
        viewBox="0 0 24 24"
        xmlns="http://www.w3.org/2000/svg"
      >
        <path
          d="M0 0h24v24H0V0z"
          fill="none"
        />
        <path
          d="M11 9h2V6h3V4h-3V1h-2v3H8v2h3v3zm-4 9c-1.1 0-1.99.9-1.99 2S5.9 22 7 22s2-.9 2-2-.9-2-2-2zm10 0c-1.1 0-1.99.9-1.99 2s.89 2 1.99 2 2-.9 2-2-.9-2-2-2zm-8.9-5h7.45c.75 0 1.41-.41 1.75-1.03l3.86-7.01L19.42 4l-3.87 7H8.53L4.27 2H1v2h2l3.6 7.59-1.35 2.44C4.52 15.37 5.48 17 7 17h12v-2H7l1.1-2z"
        />
      </svg>
      <span>
        Add to cart
      </span>
    </button>
    <button
      class="c8"
    >
      <svg
        aria-hidden="true"
        class="c7"
        fill="none"
        focusable="false"
        stroke="currentColor"
        stroke-linecap="round"
        stroke-linejoin="round"
        viewBox="0 0 24 24"
        xmlns="http://www.w3.org/2000/svg"
      >
        <path
          d="M20.84 4.61a5.5 5.5 0 00-7.78 0L12 5.67l-1.06-1.06a5.5 5.5 0 00-7.78 7.78l1.06 1.06L12 21.23l7.78-7.78 1.06-1.06a5.5 5.5 0 000-7.78z"
        />
      </svg>
      <span>
        Wishlist
      </span>
    </button>
  </div>
</div>
`
