// Jest Snapshot v1, https://goo.gl/fbAQLP

exports[`<CardList /> should render the card list 1`] = `
.c0 {
  background: #FAFAFA;
  display: -webkit-box;
  display: -webkit-flex;
  display: -ms-flexbox;
  display: flex;
  -webkit-flex-direction: column;
  -ms-flex-direction: column;
  flex-direction: column;
  -webkit-align-self: start;
  -ms-flex-item-align: start;
  align-self: start;
}

.c1 {
  background: #eee;
  color: #030517;
  font-weight: 600;
  font-size: 1.4rem;
  padding: 2rem;
  display: -webkit-box;
  display: -webkit-flex;
  display: -ms-flexbox;
  display: flex;
  -webkit-box-pack: justify;
  -webkit-justify-content: space-between;
  -ms-flex-pack: justify;
  justify-content: space-between;
  -webkit-align-items: center;
  -webkit-box-align: center;
  -ms-flex-align: center;
  align-items: center;
}

.c2 {
  color: #F231A5;
}

@media (min-width:768px) {
  .c1 {
    font-size: 1.6rem;
    padding: 2.4rem;
  }
}

<div
  class="c0"
>
  <div
    data-testid="GameItem"
  />
  <div
    data-testid="GameItem"
  />
  <div
    data-testid="GameItem"
  />
  <div
    data-testid="GameItem"
  />
  <div
    class="c1"
  >
    <span>
      Total
    </span>
     
    <span
      class="c2"
    >
      $250,00
    </span>
  </div>
</div>
`
